// Jest Snapshot v1, https://goo.gl/fbAQLP

exports[`App to exist 1`] = `[Function]`;
